// Jest Snapshot v1, https://goo.gl/fbAQLP

exports[`FilmList component test suite FilmList snapshot renders correctly 1`] = `
<div
  className="container filmList"
>
  <div
    className="Film"
  >
    <div
      className="container"
    >
      <div
        className="row"
      >
        <div
          className="col"
        >
          <div
            className="Poster"
          >
            <img
              alt={undefined}
              src="test-file-stub"
            />
          </div>
        </div>
      </div>
      <div
        className="row"
      >
        <div
          className="col"
        >
          <div
            className="FilmName"
          >
            Kill Bill vol. 1
          </div>
        </div>
        <div
          className="col"
        >
          <div
            className="FilmYear"
          >
            2003
          </div>
        </div>
      </div>
      <div
        className="row"
      >
        <div
          className="col"
        >
          <div
            className="FilmGenre"
          >
            Action & Adventure
          </div>
        </div>
      </div>
    </div>
  </div>
  <div
    className="Film"
  >
    <div
      className="container"
    >
      <div
        className="row"
      >
        <div
          className="col"
        >
          <div
            className="Poster"
          >
            <img
              alt={undefined}
              src="test-file-stub"
            />
          </div>
        </div>
      </div>
      <div
        className="row"
      >
        <div
          className="col"
        >
          <div
            className="FilmName"
          >
            Kill Bill vol. 2
          </div>
        </div>
        <div
          className="col"
        >
          <div
            className="FilmYear"
          >
            2004
          </div>
        </div>
      </div>
      <div
        className="row"
      >
        <div
          className="col"
        >
          <div
            className="FilmGenre"
          >
            Action & Adventure
          </div>
        </div>
      </div>
    </div>
  </div>
  <div
    className="Film"
  >
    <div
      className="container"
    >
      <div
        className="row"
      >
        <div
          className="col"
        >
          <div
            className="Poster"
          >
            <img
              alt={undefined}
              src="test-file-stub"
            />
          </div>
        </div>
      </div>
      <div
        className="row"
      >
        <div
          className="col"
        >
          <div
            className="FilmName"
          >
            Kill Bill vol. 3
          </div>
        </div>
        <div
          className="col"
        >
          <div
            className="FilmYear"
          >
            2005
          </div>
        </div>
      </div>
      <div
        className="row"
      >
        <div
          className="col"
        >
          <div
            className="FilmGenre"
          >
            Action & Adventure
          </div>
        </div>
      </div>
    </div>
  </div>
  <div
    className="Film"
  >
    <div
      className="container"
    >
      <div
        className="row"
      >
        <div
          className="col"
        >
          <div
            className="Poster"
          >
            <img
              alt={undefined}
              src="test-file-stub"
            />
          </div>
        </div>
      </div>
      <div
        className="row"
      >
        <div
          className="col"
        >
          <div
            className="FilmName"
          >
            Kill Bill vol. 4
          </div>
        </div>
        <div
          className="col"
        >
          <div
            className="FilmYear"
          >
            2006
          </div>
        </div>
      </div>
      <div
        className="row"
      >
        <div
          className="col"
        >
          <div
            className="FilmGenre"
          >
            Action & Adventure
          </div>
        </div>
      </div>
    </div>
  </div>
</div>
`;
